________________________e_______________________________________________________________________________________________e________________________________________
________________________e______cccccc__________________________________________________________________________________e____ccccc________________________________
________________________e_____ccccccc________________________eeeeeeeeeeee______________________________________________e___ccccccc_______________________________
________________________e____cc________________________________________________________________________________________e__cc_____________________________________
________________________e___cc______e_________________________cccc_________________________e___________________________e_cc____e_________________________________
___________________________cc_______e_________________________cccc_________________________e___________________________cc_____e__________________________________
_____________________ccccccc________e__________________________________________________________________________________________e_________________________________
_____________________cccccc_________e_________________eeeeeeeeeeeee______________________________________________________________________________________________
____________________________________e_________________________________________________________________________________ccccccccc__________________________________
____________________________________e____________________________________________________________________________________________________________________________
